
> woodprint-backend@0.2.0 test
> npx dotenv -e .env.test -- npx prisma db push --accept-data-loss && npx dotenv -e .env.test -- jest --runInBand

node.exe : Loaded Prisma config from prisma.config.ts.
Au caractère Ligne:1 : 1
+ & "C:\Program Files\nodejs/node.exe" "C:\Program Files\nodejs/node_mo ...
+ ~~~~~~~~~~~~~~~~~~~~~~~~~~~~~~~~~~~~~~~~~~~~~~~~~~~~~~~~~~~~~~~~~~~~~
    + CategoryInfo          : NotSpecified: (Loaded Prisma c...isma.config.ts.:String) [], RemoteException
    + FullyQualifiedErrorId : NativeCommandError
 

Prisma schema loaded from prisma\schema.prisma.
Datasource "db": PostgreSQL database "woodprint_db_test", schema "public" at "localhost:5432"

The database is already in sync with the Prisma schema.

  console.log
    Γùç injected env (0) from .env // tip: Γîÿ enable debugging { debug: true }

      at _log (node_modules/dotenv/lib/main.js:131:11)

  console.log
    Γùç injected env (0) from .env // tip: Γùê secrets for agents [www.dotenvx.com]

      at _log (node_modules/dotenv/lib/main.js:131:11)

PASS src/tests/produits.test.ts
  Cr├⌐ation et validation d'un produit avec sch├⌐ma de personnalisation
    ΓêÜ Doit rejeter un schema_personnalisation contenant un type non reconnu (141 ms)
    ΓêÜ Doit cr├⌐er un produit avec un g├⌐n├⌐rateur de configuration complet (29 ms)
    ΓêÜ Doit exposer publiquement le sch├⌐ma de personnalisation intact via l'API (28 ms)

  console.log
    Γùç injected env (0) from .env // tip: Γîü auth for agents [www.vestauth.com]

      at _log (node_modules/dotenv/lib/main.js:131:11)

  console.log
    Γùç injected env (0) from .env // tip: Γîÿ custom filepath { path: '/custom/path/.env' }

      at _log (node_modules/dotenv/lib/main.js:131:11)

PASS src/tests/commandes.test.ts
  Int├⌐gration M├⌐tier - Module Commandes (v0.3)
    Flux 1 : Commande et Suivi Invit├⌐
      ΓêÜ Doit permettre ├á un invit├⌐ de commander et de recevoir un code de suivi (88 ms)
      ΓêÜ Doit permettre ├á l'invit├⌐ de retrouver sa commande avec son code (20 ms)
      ΓêÜ Doit rejeter une demande de suivi avec un code invalide (14 ms)
    Flux 2 : Commande et Historique Authentifi├⌐
      ΓêÜ Doit lier une commande ├á un utilisateur connect├⌐ (34 ms)
      ΓêÜ Doit lister uniquement les commandes de l'utilisateur connect├⌐ (19 ms)
    Flux 3 : Protection de l'Inventaire
      ΓêÜ Doit rejeter une commande si la quantit├⌐ demand├⌐e d├⌐passe le stock (stock=2 restant) (9 ms)

  console.log
    Γùç injected env (0) from .env // tip: Γîÿ suppress logs { quiet: true }

      at _log (node_modules/dotenv/lib/main.js:131:11)

PASS src/tests/categories.test.ts
  Categories E2E
    ΓêÜ Devrait r├⌐cup├⌐rer la liste des cat├⌐gories publiquement (200) (61 ms)

  console.log
    Γùç injected env (0) from .env // tip: Γùê secrets for agents [www.dotenvx.com]

      at _log (node_modules/dotenv/lib/main.js:131:11)

PASS src/tests/auth.test.ts
  Authentification et RBAC E2E
    ΓêÜ Devrait rejeter une connexion sans identifiants (10 ms)

  console.log
    Γùç injected env (0) from .env // tip: Γîÿ multiple files { path: ['.env.local', '.env'] }

      at _log (node_modules/dotenv/lib/main.js:131:11)

  console.log
    Γùç injected env (0) from .env // tip: Γîÿ suppress logs { quiet: true }

      at _log (node_modules/dotenv/lib/main.js:131:11)

PASS src/tests/serveur.test.ts
  V├⌐rification du Serveur API v1
    ΓêÜ devrait retourner le status op├⌐rationnel avec succ├¿s (5 ms)

PASS src/tests/validation.test.ts
  Validation M├⌐tier des Personnalisations (Unit Test)
    ΓêÜ Sc├⌐nario 1: Doit valider une configuration parfaitement format├⌐e (1 ms)
    ΓêÜ Sc├⌐nario 2: Doit ├⌐chouer si une option select requise n'est pas choisie parmi les options (1 ms)
    ΓêÜ Sc├⌐nario 3: Doit ├⌐chouer si le client injecte une cha├«ne pour des coordonn├⌐es (2 ms)
    ΓêÜ Sc├⌐nario 4: Doit passer lorsqu'une personnalisation optionnelle est omise (1 ms)

Test Suites: 6 passed, 6 total
Tests:       16 passed, 16 total
Snapshots:   0 total
Time:        3.917 s, estimated 4 s
Ran all test suites.
Jest did not exit one second after the test run has completed.

'This usually means that there are asynchronous operations that weren't stopped in your tests. Consider running Jest 
with `--detectOpenHandles` to troubleshoot this issue.
